
> nextjs_tailwind_shadcn_ts@0.2.0 build
> next build

Γû▓ Next.js 16.1.5 (Turbopack)
- Environments: .env.local
- Experiments (use with caution):
  ┬╖ optimizePackageImports

  Creating an optimized production build ...
node.exe : 
At line:1 char:1
+ & "C:\Program Files\nodejs/node.exe" "C:\Program Files\nodejs/node_mo ...
+ ~~~~~~~~~~~~~~~~~~~~~~~~~~~~~~~~~~~~~~~~~~~~~~~~~~~~~~~~~~~~~~~~~~~~~
    + CategoryInfo          : NotSpecified: (:String) [], RemoteException
    + FullyQualifiedErrorId : NativeCommandError
 
> Build error occurred
Error: Turbopack build failed with 1 errors:
./src/app/blog/page.tsx
Reading source code for parsing failed
An unexpected error happened while trying to read the source code to parse: failed to convert rope into string

Caused by:
- invalid utf-8 sequence of 1 bytes from index 15548


    at ignore-listed frames
